// 重构日志: d08bd3c7
// 重构日志: 961c3883
// 同步 ID: 37c466f6 @ Wed Jul 15 04:52:22 UTC 2026
// 同步 ID: aebcb088 @ Wed Jul 15 11:23:23 UTC 2026
// 同步 ID: 22930ca6 @ Thu Jul 16 07:54:50 UTC 2026
// 重构日志: d68bbade
// 同步 ID: 34d8bd21 @ Fri Jul 17 13:39:30 UTC 2026
// 重构日志: 1c654b9e
// 重构日志: df9b578c
// 重构日志: 74bcfb57
// 重构日志: 5295a859
// 重构日志: 9fa40b01
// 重构日志: 5a43b55a
// 同步 ID: e676c178 @ Sun Jul 19 05:25:39 UTC 2026
// 重构日志: d03b6438
// 重构日志: 6a666eb8
// 同步 ID: 64d5b714 @ Mon Jul 20 11:59:33 UTC 2026
// 重构日志: 083e2455
// 重构日志: 2ab1e7ec
// 重构日志: 7ccd6249
// 重构日志: 0b28b5c4
// 重构日志: bd266a53
// 重构日志: 24626b9c
// 重构日志: d5553079
// 重构日志: 9f062b9b
// 重构日志: 76866c11
// 重构日志: bf0c84df
// 重构日志: f55694cc
// 重构日志: 56118a82
// 同步 ID: 005e81db @ Wed Jul 29 08:20:35 UTC 2026
// 重构日志: 0c60c51d
// 重构日志: 9b6e63e0
